// Jest Snapshot v1, https://goo.gl/fbAQLP

exports[`it should render EditExpense 1`] = `
<div>
  <h1>
    Edit Expense : 
    3
  </h1>
  <ExpenseForm
    expense={
      Object {
        "amount": 3500,
        "createdAt": 345600000,
        "description": "BESCOM Bill",
        "id": 3,
        "note": "",
      }
    }
    onSubmit={[Function]}
  />
  <button
    onClick={[Function]}
  >
    REMOVE
  </button>
</div>
`;
